[debug] [2026-08-12T20:51:33.168Z] [Firebase Plugin] Activating Firebase extension.
[info] [Firebase Plugin] Unable to check firebase-tools installation: TypeError: fetch failed
[debug] [2026-08-12T20:51:34.331Z] [Firebase Plugin] requireAuthWrapper
[debug] [2026-08-12T20:51:34.355Z] > command requires scopes: ["email","openid","https://www.googleapis.com/auth/cloudplatformprojects.readonly","https://www.googleapis.com/auth/firebase","https://www.googleapis.com/auth/cloud-platform"]
[debug] [2026-08-12T20:51:34.356Z] > authorizing via signed-in user (yejetioyejetiodidier@gmail.com)
[debug] [2026-08-12T20:51:34.370Z] Checked if tokens are valid: false, expires at: 1786461247963
[debug] [2026-08-12T20:51:34.371Z] Checked if tokens are valid: false, expires at: 1786461247963
[debug] [2026-08-12T20:51:34.373Z] > refreshing access token with scopes: []
[debug] [2026-08-12T20:51:34.382Z] >>> [apiv2][query] POST https://www.googleapis.com/oauth2/v3/token [none]
[debug] [2026-08-12T20:51:34.383Z] >>> [apiv2][body] POST https://www.googleapis.com/oauth2/v3/token [omitted]
[debug] [2026-08-12T20:51:34.434Z] [Firebase Plugin] VSCode notification server listening on port 40001
[debug] [2026-08-12T20:51:34.806Z] *** [apiv2] error from fetch(https://www.googleapis.com/oauth2/v3/token, {"headers":{},"method":"POST","body":{"type":"Buffer","data":[45,45,45,45,45,45,45,45,45,45,45,45,45,45,45,45,45,45,45,45,45,45,45,45,45,45,45,45,98,55,57,100,52,48,51,101,53,49,54,48,56,99,52,49,48,51,52,49,51,50,57,97,13,10,67,111,110,116,101,110,116,45,68,105,115,112,111,115,105,116,105,111,110,58,32,102,111,114,109,45,100,97,116,97,59,32,110,97,109,101,61,34,114,101,102,114,101,115,104,95,116,111,107,101,110,34,13,10,13,10,49,47,47,48,51,67,90,54,90,54,49,103,52,71,119,109,67,103,89,73,65,82,65,65,71,65,77,83,78,119,70,45,76,57,73,114,79,51,55,103,50,106,70,66,68,107,76,55,66,65,56,65,70,71,113,78,105,86,90,116,70,81,49,49,73,113,70,113,50,102,78,100,104,82,89,101,106,54,51,122,89,101,103,106,65,67,83,82,66,69,119,118,52,53,115,84,51,52,56,83,122,56,99,13,10,45,45,45,45,45,45,45,45,45,45,45,45,45,45,45,45,45,45,45,45,45,45,45,45,45,45,45,45,98,55,57,100,52,48,51,101,53,49,54,48,56,99,52,49,48,51,52,49,51,50,57,97,13,10,67,111,110,116,101,110,116,45,68,105,115,112,111,115,105,116,105,111,110,58,32,102,111,114,109,45,100,97,116,97,59,32,110,97,109,101,61,34,99,108,105,101,110,116,95,105,100,34,13,10,13,10,53,54,51,53,56,52,51,51,53,56,54,57,45,102,103,114,104,103,109,100,52,55,98,113,110,101,107,105,106,53,105,56,98,53,112,114,48,51,104,111,56,52,57,101,54,46,97,112,112,115,46,103,111,111,103,108,101,117,115,101,114,99,111,110,116,101,110,116,46,99,111,109,13,10,45,45,45,45,45,45,45,45,45,45,45,45,45,45,45,45,45,45,45,45,45,45,45,45,45,45,45,45,98,55,57,100,52,48,51,101,53,49,54,48,56,99,52,49,48,51,52,49,51,50,57,97,13,10,67,111,110,116,101,110,116,45,68,105,115,112,111,115,105,116,105,111,110,58,32,102,111,114,109,45,100,97,116,97,59,32,110,97,109,101,61,34,99,108,105,101,110,116,95,115,101,99,114,101,116,34,13,10,13,10,106,57,105,86,90,102,83,56,107,107,67,69,70,85,80,97,65,101,74,86,48,115,65,105,13,10,45,45,45,45,45,45,45,45,45,45,45,45,45,45,45,45,45,45,45,45,45,45,45,45,45,45,45,45,98,55,57,100,52,48,51,101,53,49,54,48,56,99,52,49,48,51,52,49,51,50,57,97,13,10,67,111,110,116,101,110,116,45,68,105,115,112,111,115,105,116,105,111,110,58,32,102,111,114,109,45,100,97,116,97,59,32,110,97,109,101,61,34,103,114,97,110,116,95,116,121,112,101,34,13,10,13,10,114,101,102,114,101,115,104,95,116,111,107,101,110,13,10,45,45,45,45,45,45,45,45,45,45,45,45,45,45,45,45,45,45,45,45,45,45,45,45,45,45,45,45,98,55,57,100,52,48,51,101,53,49,54,48,56,99,52,49,48,51,52,49,51,50,57,97,13,10,67,111,110,116,101,110,116,45,68,105,115,112,111,115,105,116,105,111,110,58,32,102,111,114,109,45,100,97,116,97,59,32,110,97,109,101,61,34,115,99,111,112,101,34,13,10,13,10,13,10,45,45,45,45,45,45,45,45,45,45,45,45,45,45,45,45,45,45,45,45,45,45,45,45,45,45,45,45,98,55,57,100,52,48,51,101,53,49,54,48,56,99,52,49,48,51,52,49,51,50,57,97,45,45,13,10]}}): Error: getaddrinfo ENOTFOUND www.googleapis.com
[error] Authentication Error: Your credentials are no longer valid. Please run firebase login --reauth

For CI servers and headless environments, generate a new token with firebase login:ci
[error] [Firebase Plugin] requireAuth error: Authentication Error: Your credentials are no longer valid. Please run firebase login --reauth

For CI servers and headless environments, generate a new token with firebase login:ci
[debug] [2026-08-15T08:06:51.212Z] [Firebase Plugin] Activating Firebase extension.
[debug] [2026-08-15T08:07:10.482Z] [Firebase Plugin] requireAuthWrapper
[debug] [2026-08-20T23:23:47.917Z] [Firebase Plugin] Activating Firebase extension.
[debug] [2026-08-20T23:24:01.317Z] [Firebase Plugin] requireAuthWrapper
[debug] [2026-08-20T23:24:01.320Z] > command requires scopes: ["email","openid","https://www.googleapis.com/auth/cloudplatformprojects.readonly","https://www.googleapis.com/auth/firebase","https://www.googleapis.com/auth/cloud-platform"]
[debug] [2026-08-20T23:24:01.321Z] > authorizing via signed-in user (yejetioyejetiodidier@gmail.com)
[debug] [2026-08-20T23:24:01.326Z] Checked if tokens are valid: false, expires at: 1786788940426
[debug] [2026-08-20T23:24:01.327Z] Checked if tokens are valid: false, expires at: 1786788940426
[debug] [2026-08-20T23:24:01.328Z] > refreshing access token with scopes: []
[debug] [2026-08-20T23:24:01.332Z] >>> [apiv2][query] POST https://www.googleapis.com/oauth2/v3/token [none]
[debug] [2026-08-20T23:24:01.333Z] >>> [apiv2][body] POST https://www.googleapis.com/oauth2/v3/token [omitted]
[debug] [2026-08-20T23:24:01.354Z] [Firebase Plugin] VSCode notification server listening on port 40001
[debug] [2026-08-20T23:24:03.565Z] <<< [apiv2][status] POST https://www.googleapis.com/oauth2/v3/token 200
[debug] [2026-08-20T23:24:03.566Z] <<< [apiv2][body] POST https://www.googleapis.com/oauth2/v3/token [omitted]
[debug] [2026-08-20T23:24:03.582Z] [Firebase Plugin] User found:  yejetioyejetiodidier@gmail.com
[info] [Firebase Plugin] (Core:Project) New user detected, fetching projects
[debug] [2026-08-20T23:24:03.586Z] Checked if tokens are valid: true, expires at: 1787271842567
[debug] [2026-08-20T23:24:03.587Z] >>> [apiv2][query] GET https://firebase.googleapis.com/v1beta1/projects pageSize=1000
[debug] [2026-08-20T23:24:06.019Z] <<< [apiv2][status] GET https://firebase.googleapis.com/v1beta1/projects 200
[debug] [2026-08-20T23:24:06.020Z] <<< [apiv2][body] GET https://firebase.googleapis.com/v1beta1/projects [omitted]
